successful;putPortalDown
successful;move;0
successful;putPortalDown